// Vitest Snapshot v1, https://vitest.dev/guide/snapshot.html

exports[`MissionListPageContentWrapper > should match the snapshot 1`] = `
{
  "asFragment": [Function],
  "baseElement": <body>
    <div>
      <div
        class="rs-stack"
        style="align-items: center; flex-direction: column; width: 100%;"
      >
        <div
          class="rs-stack-item"
          style="width: 100%;"
        >
          <div
            class="rs-stack"
            style="align-items: center; flex-direction: row; gap: 0.5rem; padding: 0px 9.5rem; margin-top: 3rem;"
          >
            <div
              class="rs-stack-item"
              style="align-self: baseline;"
            >
              <span
                class="sc-hjsuWn mMbcr Element-IconBox"
              >
                <svg
                  height="20"
                  style="margin-top: 8px;"
                  viewBox="0 0 20 20"
                  width="20"
                >
                  <path
                    d="M214,2V0h-2V2h-4V0h-2V2h-3V18h14V2Zm1,14H205V4h10Z"
                    fill="currentColor"
                    transform="translate(-200)"
                  />
                  <rect
                    fill="currentColor"
                    height="1.5"
                    transform="translate(7 6.5)"
                    width="6"
                  />
                  <rect
                    fill="currentColor"
                    height="1.5"
                    transform="translate(7 9.5)"
                    width="6"
                  />
                  <path
                    d="M200,0h20V20H200Z"
                    fill="none"
                    transform="translate(-200)"
                  />
                  <path
                    d="M200,0h20V20H200Z"
                    fill="none"
                    transform="translate(-200)"
                  />
                </svg>
              </span>
            </div>
            <div
              class="rs-stack-item"
            >
              <p
                class="sc-Pgsbw sc-fkYqBV fcipFF jWbODX"
                font-size="22"
                style="font-size: 32px;"
              >
                my title
              </p>
            </div>
          </div>
        </div>
        <div
          class="rs-stack-item"
          style="width: 100%;"
        >
          <div
            class="rs-stack"
            style="align-items: flex-start; flex-direction: column; gap: 0.2rem; width: 100%;"
          >
            <div
              class="rs-stack-item"
              style="width: 100%; height: 100%;"
            >
              <div
                class="rs-flex-box-grid rs-flex-box-grid-top rs-flex-box-grid-center"
                style="padding: 2rem 2rem 4rem 2rem; display: flex; flex: 1;"
              >
                <div
                  class="rs-flex-box-grid-item rs-flex-box-grid-item-24 rs-col rs-col-xxl-20"
                  role="gridcell"
                >
                  Title
                </div>
                <div
                  class="rs-flex-box-grid-item rs-flex-box-grid-item-24 rs-col rs-col-xxl-20"
                  role="gridcell"
                >
                  <div
                    style="margin-top: 10rem;"
                  >
                    <p
                      class="sc-Pgsbw sc-iRcyzz fcipFF lgFzvd"
                      font-size="13"
                      style="text-align: center;"
                    >
                      Aucune mission pour cette période de temps.
                    </p>
                  </div>
                </div>
              </div>
            </div>
          </div>
        </div>
      </div>
    </div>
    <div
      class="rs-toast-provider"
    >
      <div
        class="rs-toast-container rs-toast-container-top-center"
      />
      <div
        class="rs-toast-container rs-toast-container-bottom-center"
      />
      <div
        class="rs-toast-container rs-toast-container-top-start"
      />
      <div
        class="rs-toast-container rs-toast-container-top-end"
      />
      <div
        class="rs-toast-container rs-toast-container-bottom-start"
      />
      <div
        class="rs-toast-container rs-toast-container-bottom-end"
      />
    </div>
  </body>,
  "container": <div>
    <div
      class="rs-stack"
      style="align-items: center; flex-direction: column; width: 100%;"
    >
      <div
        class="rs-stack-item"
        style="width: 100%;"
      >
        <div
          class="rs-stack"
          style="align-items: center; flex-direction: row; gap: 0.5rem; padding: 0px 9.5rem; margin-top: 3rem;"
        >
          <div
            class="rs-stack-item"
            style="align-self: baseline;"
          >
            <span
              class="sc-hjsuWn mMbcr Element-IconBox"
            >
              <svg
                height="20"
                style="margin-top: 8px;"
                viewBox="0 0 20 20"
                width="20"
              >
                <path
                  d="M214,2V0h-2V2h-4V0h-2V2h-3V18h14V2Zm1,14H205V4h10Z"
                  fill="currentColor"
                  transform="translate(-200)"
                />
                <rect
                  fill="currentColor"
                  height="1.5"
                  transform="translate(7 6.5)"
                  width="6"
                />
                <rect
                  fill="currentColor"
                  height="1.5"
                  transform="translate(7 9.5)"
                  width="6"
                />
                <path
                  d="M200,0h20V20H200Z"
                  fill="none"
                  transform="translate(-200)"
                />
                <path
                  d="M200,0h20V20H200Z"
                  fill="none"
                  transform="translate(-200)"
                />
              </svg>
            </span>
          </div>
          <div
            class="rs-stack-item"
          >
            <p
              class="sc-Pgsbw sc-fkYqBV fcipFF jWbODX"
              font-size="22"
              style="font-size: 32px;"
            >
              my title
            </p>
          </div>
        </div>
      </div>
      <div
        class="rs-stack-item"
        style="width: 100%;"
      >
        <div
          class="rs-stack"
          style="align-items: flex-start; flex-direction: column; gap: 0.2rem; width: 100%;"
        >
          <div
            class="rs-stack-item"
            style="width: 100%; height: 100%;"
          >
            <div
              class="rs-flex-box-grid rs-flex-box-grid-top rs-flex-box-grid-center"
              style="padding: 2rem 2rem 4rem 2rem; display: flex; flex: 1;"
            >
              <div
                class="rs-flex-box-grid-item rs-flex-box-grid-item-24 rs-col rs-col-xxl-20"
                role="gridcell"
              >
                Title
              </div>
              <div
                class="rs-flex-box-grid-item rs-flex-box-grid-item-24 rs-col rs-col-xxl-20"
                role="gridcell"
              >
                <div
                  style="margin-top: 10rem;"
                >
                  <p
                    class="sc-Pgsbw sc-iRcyzz fcipFF lgFzvd"
                    font-size="13"
                    style="text-align: center;"
                  >
                    Aucune mission pour cette période de temps.
                  </p>
                </div>
              </div>
            </div>
          </div>
        </div>
      </div>
    </div>
  </div>,
  "debug": [Function],
  "findAllByAltText": [Function],
  "findAllByDisplayValue": [Function],
  "findAllByLabelText": [Function],
  "findAllByPlaceholderText": [Function],
  "findAllByRole": [Function],
  "findAllByTestId": [Function],
  "findAllByText": [Function],
  "findAllByTitle": [Function],
  "findByAltText": [Function],
  "findByDisplayValue": [Function],
  "findByLabelText": [Function],
  "findByPlaceholderText": [Function],
  "findByRole": [Function],
  "findByTestId": [Function],
  "findByText": [Function],
  "findByTitle": [Function],
  "getAllByAltText": [Function],
  "getAllByDisplayValue": [Function],
  "getAllByLabelText": [Function],
  "getAllByPlaceholderText": [Function],
  "getAllByRole": [Function],
  "getAllByTestId": [Function],
  "getAllByText": [Function],
  "getAllByTitle": [Function],
  "getByAltText": [Function],
  "getByDisplayValue": [Function],
  "getByLabelText": [Function],
  "getByPlaceholderText": [Function],
  "getByRole": [Function],
  "getByTestId": [Function],
  "getByText": [Function],
  "getByTitle": [Function],
  "queryAllByAltText": [Function],
  "queryAllByDisplayValue": [Function],
  "queryAllByLabelText": [Function],
  "queryAllByPlaceholderText": [Function],
  "queryAllByRole": [Function],
  "queryAllByTestId": [Function],
  "queryAllByText": [Function],
  "queryAllByTitle": [Function],
  "queryByAltText": [Function],
  "queryByDisplayValue": [Function],
  "queryByLabelText": [Function],
  "queryByPlaceholderText": [Function],
  "queryByRole": [Function],
  "queryByTestId": [Function],
  "queryByText": [Function],
  "queryByTitle": [Function],
  "rerender": [Function],
  "unmount": [Function],
}
`;
