// Vitest Snapshot v1, https://vitest.dev/guide/snapshot.html

exports[`FormikDateRangePicker > should match the snapshot 1`] = `
{
  "asFragment": [Function],
  "baseElement": <body>
    <div>
      <fieldset
        class="sc-kNnbXm czQqRL Element-Fieldset Field-DateRangePicker"
        fieldformik="[object Object]"
      >
        <legend
          class="sc-jNkFXn hDpEgW Element-Legend"
        >
          Date et heure de début et de fin (utc)
        </legend>
        <div
          class="sc-ksXGtx eSjPxo Element-Fieldset__InnerBox"
        >
          <div
            class="sc-fnVmsu eXQICg"
          >
            <span
              class="sc-jDnxRX jeoDgS"
            >
              <div
                class="sc-irmnWV bKlCLG"
              >
                <div>
                  <span>
                    Du 
                  </span>
                  <input
                    aria-label="Jour de début"
                    class="sc-iLBJAK cIOqfs"
                    id="datesStartDay"
                    maxlength="2"
                    pattern="\\d*"
                    placeholder="--"
                    type="text"
                  />
                  /
                  <input
                    aria-label="Mois de début"
                    class="sc-iLBJAK cIOqfs"
                    id="datesStartMonth"
                    maxlength="2"
                    pattern="\\d*"
                    placeholder="--"
                    type="text"
                  />
                  /
                  <input
                    aria-label="Année de début"
                    class="sc-iLBJAK lnVjbm"
                    id="datesStartYear"
                    maxlength="4"
                    pattern="\\d*"
                    placeholder="----"
                    type="text"
                  />
                </div>
              </div>
            </span>
            <span
              class="sc-jDnxRX jpnAzk"
            >
              <div
                class="sc-hKhKOW kGXJuk"
              >
                <div
                  class="sc-fYYabe fkqJIj"
                >
                  <div>
                    <input
                      aria-label="Heure de début"
                      class="sc-iLBJAK cIOqfs"
                      id="datesStartHour"
                      maxlength="2"
                      pattern="\\d*"
                      placeholder="--"
                      type="text"
                    />
                    :
                    <input
                      aria-label="Minute de début"
                      class="sc-iLBJAK cIOqfs"
                      id="datesStartMinute"
                      maxlength="2"
                      pattern="\\d*"
                      placeholder="--"
                      type="text"
                    />
                  </div>
                </div>
              </div>
            </span>
            <span
              class="sc-jDnxRX klPrpr"
            >
              <div
                class="sc-irmnWV bKlCLG"
              >
                <div>
                  <span>
                    Au 
                  </span>
                  <input
                    aria-label="Jour de fin"
                    class="sc-iLBJAK cIOqfs"
                    id="datesEndDay"
                    maxlength="2"
                    pattern="\\d*"
                    placeholder="--"
                    type="text"
                  />
                  /
                  <input
                    aria-label="Mois de fin"
                    class="sc-iLBJAK cIOqfs"
                    id="datesEndMonth"
                    maxlength="2"
                    pattern="\\d*"
                    placeholder="--"
                    type="text"
                  />
                  /
                  <input
                    aria-label="Année de fin"
                    class="sc-iLBJAK lnVjbm"
                    id="datesEndYear"
                    maxlength="4"
                    pattern="\\d*"
                    placeholder="----"
                    type="text"
                  />
                </div>
              </div>
            </span>
            <span
              class="sc-jDnxRX jpnAzk"
            >
              <div
                class="sc-hKhKOW kGXJuk"
              >
                <div
                  class="sc-fYYabe fkqJIj"
                >
                  <div>
                    <input
                      aria-label="Heure de fin"
                      class="sc-iLBJAK cIOqfs"
                      id="datesEndHour"
                      maxlength="2"
                      pattern="\\d*"
                      placeholder="--"
                      type="text"
                    />
                    :
                    <input
                      aria-label="Minute de fin"
                      class="sc-iLBJAK cIOqfs"
                      id="datesEndMinute"
                      maxlength="2"
                      pattern="\\d*"
                      placeholder="--"
                      type="text"
                    />
                  </div>
                </div>
              </div>
            </span>
          </div>
          <div
            class="sc-hLznAL hZKCOC Field-DateRangePicker__RangeCalendarPicker"
          >
            <div
              class="rs-picker rs-picker-daterange rs-picker-default rs-picker-toggle-wrapper rs-picker-cleanable"
            >
              <div
                class="rs-picker-input-group rs-input-group rs-input-group-inside"
              >
                <input
                  aria-haspopup="dialog"
                  autocomplete="off"
                  autocorrect="off"
                  class="rs-date-range-input rs-input"
                  id="rs-_r_0_"
                  inputmode="text"
                  placeholder="yyyy-MM-dd ~ yyyy-MM-dd"
                  size="27"
                  spellcheck="false"
                  type="text"
                  value=""
                />
                <span
                  class="rs-input-group-addon"
                >
                  <svg
                    aria-hidden="true"
                    aria-label="calendar"
                    class="rs-picker-caret-icon rs-icon rs-icon"
                    data-category="time"
                    data-testid="caret"
                    fill="currentColor"
                    focusable="false"
                    height="1em"
                    viewBox="0 0 16 16"
                    width="1em"
                    xmlns="http://www.w3.org/2000/svg"
                  >
                    <path
                      d="M4.5 7a.5.5 0 0 1 .5.5v5a.5.5 0 0 1-1 0v-5a.5.5 0 0 1 .5-.5M7.5 7a.5.5 0 0 1 .5.5v5a.5.5 0 0 1-1 0v-5a.5.5 0 0 1 .5-.5M10.5 7a.5.5 0 0 1 .5.5v1a.5.5 0 0 1-1 0v-1a.5.5 0 0 1 .5-.5"
                    />
                    <path
                      d="M1 8h10.5a.5.5 0 0 1 0 1H1zm0 3h7.5a.5.5 0 0 1 0 1H1zM1 5h14v1H1z"
                    />
                    <path
                      d="M4.5 1a.5.5 0 0 1 .5.5v3a.5.5 0 0 1-1 0v-3a.5.5 0 0 1 .5-.5M11.5 1a.5.5 0 0 1 .5.5v3a.5.5 0 0 1-1 0v-3a.5.5 0 0 1 .5-.5M14.5 11a.5.5 0 0 1 .492.41l.008.09v1a2.5 2.5 0 0 1-2.336 2.495L12.5 15h-3a.5.5 0 0 1-.09-.992L9.5 14h3a1.5 1.5 0 0 0 1.493-1.356L14 12.5v-1a.5.5 0 0 1 .5-.5"
                    />
                    <path
                      d="M13 3a2 2 0 0 1 2 2v3c0 2-2 3-4 3q1 2-1 4H3a2 2 0 0 1-2-2V5a2 2 0 0 1 2-2zm.117 1.007L13 4H3a1 1 0 0 0-.993.883L2 5v8a1 1 0 0 0 .883.993L3 14h6.566l.031-.033c.738-.856.9-1.608.575-2.375l-.067-.144a1 1 0 0 1 .894-1.447c1.692 0 2.9-.76 2.994-1.861l.006-.139v-3a1 1 0 0 0-.883-.993z"
                    />
                  </svg>
                </span>
              </div>
            </div>
          </div>
        </div>
      </fieldset>
    </div>
    <div
      class="rs-toast-provider"
    >
      <div
        class="rs-toast-container rs-toast-container-top-center"
      />
      <div
        class="rs-toast-container rs-toast-container-bottom-center"
      />
      <div
        class="rs-toast-container rs-toast-container-top-start"
      />
      <div
        class="rs-toast-container rs-toast-container-top-end"
      />
      <div
        class="rs-toast-container rs-toast-container-bottom-start"
      />
      <div
        class="rs-toast-container rs-toast-container-bottom-end"
      />
    </div>
  </body>,
  "container": <div>
    <fieldset
      class="sc-kNnbXm czQqRL Element-Fieldset Field-DateRangePicker"
      fieldformik="[object Object]"
    >
      <legend
        class="sc-jNkFXn hDpEgW Element-Legend"
      >
        Date et heure de début et de fin (utc)
      </legend>
      <div
        class="sc-ksXGtx eSjPxo Element-Fieldset__InnerBox"
      >
        <div
          class="sc-fnVmsu eXQICg"
        >
          <span
            class="sc-jDnxRX jeoDgS"
          >
            <div
              class="sc-irmnWV bKlCLG"
            >
              <div>
                <span>
                  Du 
                </span>
                <input
                  aria-label="Jour de début"
                  class="sc-iLBJAK cIOqfs"
                  id="datesStartDay"
                  maxlength="2"
                  pattern="\\d*"
                  placeholder="--"
                  type="text"
                />
                /
                <input
                  aria-label="Mois de début"
                  class="sc-iLBJAK cIOqfs"
                  id="datesStartMonth"
                  maxlength="2"
                  pattern="\\d*"
                  placeholder="--"
                  type="text"
                />
                /
                <input
                  aria-label="Année de début"
                  class="sc-iLBJAK lnVjbm"
                  id="datesStartYear"
                  maxlength="4"
                  pattern="\\d*"
                  placeholder="----"
                  type="text"
                />
              </div>
            </div>
          </span>
          <span
            class="sc-jDnxRX jpnAzk"
          >
            <div
              class="sc-hKhKOW kGXJuk"
            >
              <div
                class="sc-fYYabe fkqJIj"
              >
                <div>
                  <input
                    aria-label="Heure de début"
                    class="sc-iLBJAK cIOqfs"
                    id="datesStartHour"
                    maxlength="2"
                    pattern="\\d*"
                    placeholder="--"
                    type="text"
                  />
                  :
                  <input
                    aria-label="Minute de début"
                    class="sc-iLBJAK cIOqfs"
                    id="datesStartMinute"
                    maxlength="2"
                    pattern="\\d*"
                    placeholder="--"
                    type="text"
                  />
                </div>
              </div>
            </div>
          </span>
          <span
            class="sc-jDnxRX klPrpr"
          >
            <div
              class="sc-irmnWV bKlCLG"
            >
              <div>
                <span>
                  Au 
                </span>
                <input
                  aria-label="Jour de fin"
                  class="sc-iLBJAK cIOqfs"
                  id="datesEndDay"
                  maxlength="2"
                  pattern="\\d*"
                  placeholder="--"
                  type="text"
                />
                /
                <input
                  aria-label="Mois de fin"
                  class="sc-iLBJAK cIOqfs"
                  id="datesEndMonth"
                  maxlength="2"
                  pattern="\\d*"
                  placeholder="--"
                  type="text"
                />
                /
                <input
                  aria-label="Année de fin"
                  class="sc-iLBJAK lnVjbm"
                  id="datesEndYear"
                  maxlength="4"
                  pattern="\\d*"
                  placeholder="----"
                  type="text"
                />
              </div>
            </div>
          </span>
          <span
            class="sc-jDnxRX jpnAzk"
          >
            <div
              class="sc-hKhKOW kGXJuk"
            >
              <div
                class="sc-fYYabe fkqJIj"
              >
                <div>
                  <input
                    aria-label="Heure de fin"
                    class="sc-iLBJAK cIOqfs"
                    id="datesEndHour"
                    maxlength="2"
                    pattern="\\d*"
                    placeholder="--"
                    type="text"
                  />
                  :
                  <input
                    aria-label="Minute de fin"
                    class="sc-iLBJAK cIOqfs"
                    id="datesEndMinute"
                    maxlength="2"
                    pattern="\\d*"
                    placeholder="--"
                    type="text"
                  />
                </div>
              </div>
            </div>
          </span>
        </div>
        <div
          class="sc-hLznAL hZKCOC Field-DateRangePicker__RangeCalendarPicker"
        >
          <div
            class="rs-picker rs-picker-daterange rs-picker-default rs-picker-toggle-wrapper rs-picker-cleanable"
          >
            <div
              class="rs-picker-input-group rs-input-group rs-input-group-inside"
            >
              <input
                aria-haspopup="dialog"
                autocomplete="off"
                autocorrect="off"
                class="rs-date-range-input rs-input"
                id="rs-_r_0_"
                inputmode="text"
                placeholder="yyyy-MM-dd ~ yyyy-MM-dd"
                size="27"
                spellcheck="false"
                type="text"
                value=""
              />
              <span
                class="rs-input-group-addon"
              >
                <svg
                  aria-hidden="true"
                  aria-label="calendar"
                  class="rs-picker-caret-icon rs-icon rs-icon"
                  data-category="time"
                  data-testid="caret"
                  fill="currentColor"
                  focusable="false"
                  height="1em"
                  viewBox="0 0 16 16"
                  width="1em"
                  xmlns="http://www.w3.org/2000/svg"
                >
                  <path
                    d="M4.5 7a.5.5 0 0 1 .5.5v5a.5.5 0 0 1-1 0v-5a.5.5 0 0 1 .5-.5M7.5 7a.5.5 0 0 1 .5.5v5a.5.5 0 0 1-1 0v-5a.5.5 0 0 1 .5-.5M10.5 7a.5.5 0 0 1 .5.5v1a.5.5 0 0 1-1 0v-1a.5.5 0 0 1 .5-.5"
                  />
                  <path
                    d="M1 8h10.5a.5.5 0 0 1 0 1H1zm0 3h7.5a.5.5 0 0 1 0 1H1zM1 5h14v1H1z"
                  />
                  <path
                    d="M4.5 1a.5.5 0 0 1 .5.5v3a.5.5 0 0 1-1 0v-3a.5.5 0 0 1 .5-.5M11.5 1a.5.5 0 0 1 .5.5v3a.5.5 0 0 1-1 0v-3a.5.5 0 0 1 .5-.5M14.5 11a.5.5 0 0 1 .492.41l.008.09v1a2.5 2.5 0 0 1-2.336 2.495L12.5 15h-3a.5.5 0 0 1-.09-.992L9.5 14h3a1.5 1.5 0 0 0 1.493-1.356L14 12.5v-1a.5.5 0 0 1 .5-.5"
                  />
                  <path
                    d="M13 3a2 2 0 0 1 2 2v3c0 2-2 3-4 3q1 2-1 4H3a2 2 0 0 1-2-2V5a2 2 0 0 1 2-2zm.117 1.007L13 4H3a1 1 0 0 0-.993.883L2 5v8a1 1 0 0 0 .883.993L3 14h6.566l.031-.033c.738-.856.9-1.608.575-2.375l-.067-.144a1 1 0 0 1 .894-1.447c1.692 0 2.9-.76 2.994-1.861l.006-.139v-3a1 1 0 0 0-.883-.993z"
                  />
                </svg>
              </span>
            </div>
          </div>
        </div>
      </div>
    </fieldset>
  </div>,
  "debug": [Function],
  "findAllByAltText": [Function],
  "findAllByDisplayValue": [Function],
  "findAllByLabelText": [Function],
  "findAllByPlaceholderText": [Function],
  "findAllByRole": [Function],
  "findAllByTestId": [Function],
  "findAllByText": [Function],
  "findAllByTitle": [Function],
  "findByAltText": [Function],
  "findByDisplayValue": [Function],
  "findByLabelText": [Function],
  "findByPlaceholderText": [Function],
  "findByRole": [Function],
  "findByTestId": [Function],
  "findByText": [Function],
  "findByTitle": [Function],
  "getAllByAltText": [Function],
  "getAllByDisplayValue": [Function],
  "getAllByLabelText": [Function],
  "getAllByPlaceholderText": [Function],
  "getAllByRole": [Function],
  "getAllByTestId": [Function],
  "getAllByText": [Function],
  "getAllByTitle": [Function],
  "getByAltText": [Function],
  "getByDisplayValue": [Function],
  "getByLabelText": [Function],
  "getByPlaceholderText": [Function],
  "getByRole": [Function],
  "getByTestId": [Function],
  "getByText": [Function],
  "getByTitle": [Function],
  "queryAllByAltText": [Function],
  "queryAllByDisplayValue": [Function],
  "queryAllByLabelText": [Function],
  "queryAllByPlaceholderText": [Function],
  "queryAllByRole": [Function],
  "queryAllByTestId": [Function],
  "queryAllByText": [Function],
  "queryAllByTitle": [Function],
  "queryByAltText": [Function],
  "queryByDisplayValue": [Function],
  "queryByLabelText": [Function],
  "queryByPlaceholderText": [Function],
  "queryByRole": [Function],
  "queryByTestId": [Function],
  "queryByText": [Function],
  "queryByTitle": [Function],
  "rerender": [Function],
  "unmount": [Function],
}
`;
