// Vitest Snapshot v1, https://vitest.dev/guide/snapshot.html

exports[`MissionPageHeader > should match the snapshot 1`] = `
{
  "asFragment": [Function],
  "baseElement": <body>
    <div>
      <div
        class="sc-egnSlO bDauOE"
      >
        <div
          class="rs-flex-box-grid rs-flex-box-grid-middle rs-flex-box-grid-space-between"
          style="height: 100%;"
        >
          <div
            class="rs-flex-box-grid-item rs-flex-box-grid-item-0"
          >
            <div
              class="rs-stack"
              style="align-items: center; flex-direction: row; gap: 1rem;"
            >
              <div
                class="rs-stack-item"
              >
                <p
                  class="sc-btRGtK sc-dqSOdN dHxgNw boThHN"
                  color="#E5E5EB"
                  font-size="22"
                  weight="bold"
                >
                  Mission #2025-02-15
                </p>
              </div>
              <div
                class="rs-stack-item"
              >
                <div
                  class="sc-incsXD dtoxTs Element-TagGroup"
                >
                  <span
                    class="sc-sediK gPWlpb Element-Tag"
                  >
                    <p
                      class="sc-btRGtK sc-bACthX fjUebZ fswZWU"
                      color="#FFFFFF"
                      font-size="13"
                      weight="medium"
                    >
                      Ouverte par N/A
                    </p>
                  </span>
                  <span
                    class="sc-sediK kRvYqd Element-Tag"
                  >
                    <span
                      class="sc-gNZgCX eZfMzw Element-IconBox"
                    >
                      <svg
                        height="20"
                        viewBox="0 0 20 20"
                        width="20"
                      >
                        <g
                          transform="translate(240 -41)"
                        >
                          <g>
                            <g
                              fill="none"
                              stroke-miterlimit="10"
                            >
                              <path
                                d="M-230,42a9,9,0,0,0-9,9,9,9,0,0,0,9,9,9,9,0,0,0,9-9A9,9,0,0,0-230,42Zm0,16a7,7,0,0,1-7-7,7,7,0,0,1,7-7,7,7,0,0,1,7,7A7,7,0,0,1-230,58Z"
                                stroke="none"
                              />
                              <path
                                d="M -230 42 C -225.0290069580078 42 -221 46.02899932861328 -221 51 C -221 55.97100067138672 -225.0290069580078 60 -230 60 C -234.9709930419922 60 -239 55.97100067138672 -239 51 C -239 46.02899932861328 -234.9709930419922 42 -230 42 Z M -230 58 C -226.1340026855469 58 -223 54.86600112915039 -223 51 C -223 47.13399887084961 -226.1340026855469 44 -230 44 C -233.8659973144531 44 -237 47.13399887084961 -237 51 C -237 54.86600112915039 -233.8659973144531 58 -230 58 Z"
                                fill="currentColor"
                                stroke="none"
                              />
                            </g>
                            <g
                              fill="none"
                              stroke-miterlimit="10"
                            >
                              <path
                                d="M-229,50V46h-2v6h6V50Z"
                                stroke="none"
                              />
                              <path
                                d="M -225 52 L -231 52 L -231 46 L -229 46 L -229 50 L -225 50 L -225 52 Z"
                                fill="currentColor"
                                stroke="none"
                              />
                            </g>
                          </g>
                          <rect
                            fill="none"
                            height="20"
                            transform="translate(-240 41)"
                            width="20"
                          />
                        </g>
                      </svg>
                    </span>
                    <p
                      class="sc-btRGtK sc-bACthX eQUvRp fswZWU"
                      color="#3B4559"
                      font-size="13"
                      weight="medium"
                    >
                      En cours
                    </p>
                  </span>
                  <span
                    class="sc-sediK kRvYqd Element-Tag"
                  >
                    <span
                      class="sc-gNZgCX mnvhr Element-IconBox"
                    >
                      <svg
                        height="20"
                        viewBox="0 0 20 20"
                        width="20"
                      >
                        <g
                          transform="translate(200 -82)"
                        >
                          <path
                            d="M-190,83a9,9,0,0,0-9,9,9,9,0,0,0,9,9,9,9,0,0,0,9-9A9,9,0,0,0-190,83Z"
                            fill="currentColor"
                          />
                          <rect
                            fill="#fff"
                            height="5"
                            transform="translate(-189 93) rotate(180)"
                            width="2"
                          />
                          <rect
                            fill="#fff"
                            height="2"
                            transform="translate(-189 96) rotate(180)"
                            width="2"
                          />
                        </g>
                        <rect
                          fill="none"
                          height="20"
                          width="20"
                        />
                      </svg>
                    </span>
                    <p
                      class="sc-btRGtK sc-bACthX eQUvRp fswZWU"
                      color="#3B4559"
                      font-size="13"
                      weight="medium"
                    >
                      À compléter
                    </p>
                  </span>
                </div>
              </div>
            </div>
          </div>
          <div
            class="rs-flex-box-grid-item rs-flex-box-grid-item-6"
          >
            <div
              class="rs-flex-box-grid rs-flex-box-grid-middle rs-flex-box-grid-end"
              style="height: 100%;"
            >
              <div
                class="rs-stack"
                style="align-items: center; flex-direction: row; gap: 2rem;"
              >
                <div
                  class="rs-stack-item"
                />
                <div
                  class="rs-stack-item"
                >
                  <button
                    class="sc-eiwqOE diPWDf Element-IconButton"
                    role="quit-mission-cross"
                    type="button"
                  >
                    <span
                      class="sc-gNZgCX iVfaqw Element-IconBox"
                    >
                      <svg
                        height="20"
                        viewBox="0 0 20 20"
                        width="20"
                      >
                        <g
                          transform="translate(160 -82)"
                        >
                          <g
                            fill="none"
                            stroke-miterlimit="10"
                          >
                            <path
                              d="M-142,85.415-143.415,84-150,90.585-156.585,84-158,85.415-151.415,92-158,98.585l1.415,1.415L-150,93.415l6.585,6.585L-142,98.585-148.585,92Z"
                              stroke="none"
                            />
                            <path
                              d="M -156.5853271484375 84 L -150 90.5853271484375 L -143.4146728515625 84 L -142 85.4146728515625 L -148.5853271484375 92 L -142 98.5853271484375 L -143.4146728515625 100 L -150 93.4146728515625 L -156.5853271484375 100 L -158 98.5853271484375 L -151.4146728515625 92 L -158 85.4146728515625 L -156.5853271484375 84 Z"
                              fill="currentColor"
                              stroke="none"
                            />
                          </g>
                          <rect
                            fill="none"
                            height="20"
                            transform="translate(-160 82)"
                            width="20"
                          />
                        </g>
                      </svg>
                    </span>
                  </button>
                </div>
              </div>
            </div>
          </div>
        </div>
      </div>
    </div>
    <div
      class="rs-toast-provider"
    >
      <div
        class="rs-toast-container rs-toast-container-top-center"
      />
      <div
        class="rs-toast-container rs-toast-container-bottom-center"
      />
      <div
        class="rs-toast-container rs-toast-container-top-start"
      />
      <div
        class="rs-toast-container rs-toast-container-top-end"
      />
      <div
        class="rs-toast-container rs-toast-container-bottom-start"
      />
      <div
        class="rs-toast-container rs-toast-container-bottom-end"
      />
    </div>
  </body>,
  "container": <div>
    <div
      class="sc-egnSlO bDauOE"
    >
      <div
        class="rs-flex-box-grid rs-flex-box-grid-middle rs-flex-box-grid-space-between"
        style="height: 100%;"
      >
        <div
          class="rs-flex-box-grid-item rs-flex-box-grid-item-0"
        >
          <div
            class="rs-stack"
            style="align-items: center; flex-direction: row; gap: 1rem;"
          >
            <div
              class="rs-stack-item"
            >
              <p
                class="sc-btRGtK sc-dqSOdN dHxgNw boThHN"
                color="#E5E5EB"
                font-size="22"
                weight="bold"
              >
                Mission #2025-02-15
              </p>
            </div>
            <div
              class="rs-stack-item"
            >
              <div
                class="sc-incsXD dtoxTs Element-TagGroup"
              >
                <span
                  class="sc-sediK gPWlpb Element-Tag"
                >
                  <p
                    class="sc-btRGtK sc-bACthX fjUebZ fswZWU"
                    color="#FFFFFF"
                    font-size="13"
                    weight="medium"
                  >
                    Ouverte par N/A
                  </p>
                </span>
                <span
                  class="sc-sediK kRvYqd Element-Tag"
                >
                  <span
                    class="sc-gNZgCX eZfMzw Element-IconBox"
                  >
                    <svg
                      height="20"
                      viewBox="0 0 20 20"
                      width="20"
                    >
                      <g
                        transform="translate(240 -41)"
                      >
                        <g>
                          <g
                            fill="none"
                            stroke-miterlimit="10"
                          >
                            <path
                              d="M-230,42a9,9,0,0,0-9,9,9,9,0,0,0,9,9,9,9,0,0,0,9-9A9,9,0,0,0-230,42Zm0,16a7,7,0,0,1-7-7,7,7,0,0,1,7-7,7,7,0,0,1,7,7A7,7,0,0,1-230,58Z"
                              stroke="none"
                            />
                            <path
                              d="M -230 42 C -225.0290069580078 42 -221 46.02899932861328 -221 51 C -221 55.97100067138672 -225.0290069580078 60 -230 60 C -234.9709930419922 60 -239 55.97100067138672 -239 51 C -239 46.02899932861328 -234.9709930419922 42 -230 42 Z M -230 58 C -226.1340026855469 58 -223 54.86600112915039 -223 51 C -223 47.13399887084961 -226.1340026855469 44 -230 44 C -233.8659973144531 44 -237 47.13399887084961 -237 51 C -237 54.86600112915039 -233.8659973144531 58 -230 58 Z"
                              fill="currentColor"
                              stroke="none"
                            />
                          </g>
                          <g
                            fill="none"
                            stroke-miterlimit="10"
                          >
                            <path
                              d="M-229,50V46h-2v6h6V50Z"
                              stroke="none"
                            />
                            <path
                              d="M -225 52 L -231 52 L -231 46 L -229 46 L -229 50 L -225 50 L -225 52 Z"
                              fill="currentColor"
                              stroke="none"
                            />
                          </g>
                        </g>
                        <rect
                          fill="none"
                          height="20"
                          transform="translate(-240 41)"
                          width="20"
                        />
                      </g>
                    </svg>
                  </span>
                  <p
                    class="sc-btRGtK sc-bACthX eQUvRp fswZWU"
                    color="#3B4559"
                    font-size="13"
                    weight="medium"
                  >
                    En cours
                  </p>
                </span>
                <span
                  class="sc-sediK kRvYqd Element-Tag"
                >
                  <span
                    class="sc-gNZgCX mnvhr Element-IconBox"
                  >
                    <svg
                      height="20"
                      viewBox="0 0 20 20"
                      width="20"
                    >
                      <g
                        transform="translate(200 -82)"
                      >
                        <path
                          d="M-190,83a9,9,0,0,0-9,9,9,9,0,0,0,9,9,9,9,0,0,0,9-9A9,9,0,0,0-190,83Z"
                          fill="currentColor"
                        />
                        <rect
                          fill="#fff"
                          height="5"
                          transform="translate(-189 93) rotate(180)"
                          width="2"
                        />
                        <rect
                          fill="#fff"
                          height="2"
                          transform="translate(-189 96) rotate(180)"
                          width="2"
                        />
                      </g>
                      <rect
                        fill="none"
                        height="20"
                        width="20"
                      />
                    </svg>
                  </span>
                  <p
                    class="sc-btRGtK sc-bACthX eQUvRp fswZWU"
                    color="#3B4559"
                    font-size="13"
                    weight="medium"
                  >
                    À compléter
                  </p>
                </span>
              </div>
            </div>
          </div>
        </div>
        <div
          class="rs-flex-box-grid-item rs-flex-box-grid-item-6"
        >
          <div
            class="rs-flex-box-grid rs-flex-box-grid-middle rs-flex-box-grid-end"
            style="height: 100%;"
          >
            <div
              class="rs-stack"
              style="align-items: center; flex-direction: row; gap: 2rem;"
            >
              <div
                class="rs-stack-item"
              />
              <div
                class="rs-stack-item"
              >
                <button
                  class="sc-eiwqOE diPWDf Element-IconButton"
                  role="quit-mission-cross"
                  type="button"
                >
                  <span
                    class="sc-gNZgCX iVfaqw Element-IconBox"
                  >
                    <svg
                      height="20"
                      viewBox="0 0 20 20"
                      width="20"
                    >
                      <g
                        transform="translate(160 -82)"
                      >
                        <g
                          fill="none"
                          stroke-miterlimit="10"
                        >
                          <path
                            d="M-142,85.415-143.415,84-150,90.585-156.585,84-158,85.415-151.415,92-158,98.585l1.415,1.415L-150,93.415l6.585,6.585L-142,98.585-148.585,92Z"
                            stroke="none"
                          />
                          <path
                            d="M -156.5853271484375 84 L -150 90.5853271484375 L -143.4146728515625 84 L -142 85.4146728515625 L -148.5853271484375 92 L -142 98.5853271484375 L -143.4146728515625 100 L -150 93.4146728515625 L -156.5853271484375 100 L -158 98.5853271484375 L -151.4146728515625 92 L -158 85.4146728515625 L -156.5853271484375 84 Z"
                            fill="currentColor"
                            stroke="none"
                          />
                        </g>
                        <rect
                          fill="none"
                          height="20"
                          transform="translate(-160 82)"
                          width="20"
                        />
                      </g>
                    </svg>
                  </span>
                </button>
              </div>
            </div>
          </div>
        </div>
      </div>
    </div>
  </div>,
  "debug": [Function],
  "findAllByAltText": [Function],
  "findAllByDisplayValue": [Function],
  "findAllByLabelText": [Function],
  "findAllByPlaceholderText": [Function],
  "findAllByRole": [Function],
  "findAllByTestId": [Function],
  "findAllByText": [Function],
  "findAllByTitle": [Function],
  "findByAltText": [Function],
  "findByDisplayValue": [Function],
  "findByLabelText": [Function],
  "findByPlaceholderText": [Function],
  "findByRole": [Function],
  "findByTestId": [Function],
  "findByText": [Function],
  "findByTitle": [Function],
  "getAllByAltText": [Function],
  "getAllByDisplayValue": [Function],
  "getAllByLabelText": [Function],
  "getAllByPlaceholderText": [Function],
  "getAllByRole": [Function],
  "getAllByTestId": [Function],
  "getAllByText": [Function],
  "getAllByTitle": [Function],
  "getByAltText": [Function],
  "getByDisplayValue": [Function],
  "getByLabelText": [Function],
  "getByPlaceholderText": [Function],
  "getByRole": [Function],
  "getByTestId": [Function],
  "getByText": [Function],
  "getByTitle": [Function],
  "queryAllByAltText": [Function],
  "queryAllByDisplayValue": [Function],
  "queryAllByLabelText": [Function],
  "queryAllByPlaceholderText": [Function],
  "queryAllByRole": [Function],
  "queryAllByTestId": [Function],
  "queryAllByText": [Function],
  "queryAllByTitle": [Function],
  "queryByAltText": [Function],
  "queryByDisplayValue": [Function],
  "queryByLabelText": [Function],
  "queryByPlaceholderText": [Function],
  "queryByRole": [Function],
  "queryByTestId": [Function],
  "queryByText": [Function],
  "queryByTitle": [Function],
  "rerender": [Function],
  "unmount": [Function],
}
`;
